********************************************************************************
   General Structure Analysis System-II Crystal Structure Refinement
              by Robert B. Von Dreele & Brian H. Toby
                Argonne National Laboratory(C), 2010
 This product includes software developed by the UChicago Argonne, LLC,
            as Operator of Argonne National Laboratory.
                          Please cite:
   B.H. Toby & R.B. Von Dreele, J. Appl. Cryst. 46, 544-549 (2013)
********************************************************************************
 Least squares controls:
 Refinement type: analytic Hessian
 Maximum number of cycles: 3
 Regularize hydrogens (if any): False
 Initial shift factor: 1.000

 Phases:

 Phase name: trial
=======================================================================================================================================

 X-ray scattering factors:
   Symbol     fa                                      fb                                      fc
---------------------------------------------------------------------------------------------------
 Zr        17.87650  10.94800   5.41732   3.65721   1.27618  11.91600   0.11762  87.66270   2.06929

 Neutron scattering factors:
   Symbol   isotope       mass       b       resonant terms
---------------------------------------------------------------------------------------------------
 Zr      Nat. Abund.     91.220    0.716

 Space Group: C 2/c
 The lattice is centrosymmetric C-centered monoclinic
 The Laue symmetry is 2/m
 The lattice point group is 2/m
 Multiplicity of a general site is 8
 The unique monoclinic axis is b
 The inversion center is located at 0,0,0
 
 The equivalent positions are:

 (0,0,0; 1/2,1/2,0)+

 ( 1)     X,     Y,     Z 
 ( 2)    -X,     Y, 1/2-Z 

 Atoms:
   name    type  refine?   x         y         z      frac site sym  mult I/A   Uiso     U11     U22     U33     U12     U13     U23
---------------------------------------------------------------------------------------------------------------------------------------
  Zr4+0     Zr     XU   0.27252   0.01129   0.40287   1.000      1    8    I 0.01107                                                

 Unit cell: a = 32.36000 b = 15.80000 c = 7.91000 alpha = 90.000 beta = 103.000 gamma = 90.000 volume = 3940.633 Refine? False

 Spherical harmonics texture: Order:0

 Phase: trial in histogram: PWDR spec.csv
=======================================================================================================================================
 Phase fraction  :          1 Refine? False
 Extinction coeff:     0.0000 Refine? False
 March-Dollase PO:     1.0000 Refine? False Axis: 0 0 1

 Size model    : isotropic equatorial:       1.000 Refine? False
	 LG mixing coeff.:       1.0000 Refine? False

 Mustrain model: isotropic equatorial:      1000.0 Refine? False
	 LG mixing coeff.:      1.0000 Refine? False

 Hydrostatic/elastic strain:
 names :         D11         D22         D33         D13
 values:           0           0           0           0
 refine:       False       False       False       False

 Histogram: PWDR spec.csv histogram Id: 0
=======================================================================================================================================
 Instrument type: Bragg-Brentano
 Histogram limits:     4.02 deg to    30.00 deg

 Sample Parameters:
 Goniometer omega = 0.00, chi = 0.00, phi = 0.00
 name  :         Scale         Shift  Transparency    SurfRoughA    SurfRoughB
 value :        0.0445        0.0000        0.0000        0.0000        0.0000
 refine:          True         False         False         False         False

 Instrument Parameters:
 name  :     Azimuth        Bank I(L2)/I(L1)        Lam1        Lam2    Polariz.        SH/L
 value :    0.000000    1.000000    0.500000    1.540500    1.544300    0.700000    0.124034
 refine:                   False       False                               False        True

 name  :           U           V           W           X           Y           Z        Zero
 value :    2.000000   -2.000000    5.000000    0.000000  777.788400    0.000000    0.000000
 refine:       False       False       False       False        True       False       False

 Background function: cosine Refine? True
 Coefficients:     24.076     3.087     2.903     3.463
 Fixed background file: ; mult: 1.000  Refine? False

 Refinement results:
---------------------------------------------------------------------------------------------------------------------------------------
 Number of function calls: 13 No. of observations: 1300 No. of parameters: 11 User rejected: 0 Sp. gp. extinct: 0
 Refinement time =    2.102s,    0.525s/cycle, for 4 cycles
 wR =    7.97%, chi**2 =      192.542, GOF =   0.39

 Phases:
 Result for phase: trial
=======================================================================================================================================

 Atoms:
   name      x         y         z      frac   Uiso     U11     U22     U33     U12     U13     U23
---------------------------------------------------------------------------------------------------------------------------------------
  Zr4+0     Zr:
 values:   0.28997  -0.30851  -0.20052   1.000-0.22877
 sig   :   0.01887   0.03352   0.25349         0.62981

 Density: 0.3075 g/cm**3

 Phase: trial in histogram: PWDR spec.csv
=======================================================================================================================================
 Final refinement RF, RF^2 = 32.19%, 61.36% on 78 reflections
 Durbin-Watson statistic = 0.095
 Bragg intensity sum = 1.52e+03

 Histogram: PWDR spec.csv histogram Id: 0
=======================================================================================================================================
 PWDR histogram weight factor = 1.000
 Final refinement wR = 7.97% on 1300 observations in this histogram
 Other residuals: R = 5.51%, R-bkg = 11.12%, wR-bkg = 7.97% wRmin = 20.70%
 Instrument type: Bragg-Brentano

 Resonant form factors:(ref: D.T. Cromer & D.A. Liberman (1981), Acta Cryst. A37, 267-268.)
 Element:       Zr
 f'     :   -0.187
 f"     :    2.244

 Sample Parameters:
 names :         Scale         Shift  Transparency    SurfRoughA    SurfRoughB
 values:        0.0214        0.0000        0.0000        0.0000        0.0000
 sig   :        0.0128                                                        

 Instrument Parameters:
 names :        Bank I(L2)/I(L1)    Polariz.        SH/L
 value :    1.000000    0.500000    0.700000   -2.342969
 sig   :                                        0.300485

 Instrument Parameters:
 names :           U           V           W           X           Y           Z        Zero
 value :    2.000000   -2.000000    5.000000    0.000000  359.090405    0.000000    0.000000
 sig   :                                                  795.775040                        

 Background function: cosine
 value :       23.6     2.178     1.886      2.92
 sig   :     0.4227    0.4764    0.1941    0.1123
 Background sums: empirical 2.95e+04, Debye 0, peaks 0, Total 2.95e+04
